// Jest Snapshot v1, https://jestjs.io/docs/snapshot-testing

exports[`スナップショット スタック全体のスナップショット 1`] = `
{
  "Outputs": {
    "AlbAlbDnsName03494E13": {
      "Description": "ALB の DNS 名（ブラウザでアクセス可能）",
      "Value": {
        "Fn::GetAtt": [
          "Alb6F14D334",
          "DNSName",
        ],
      },
    },
    "DatabaseDbEndpointC40AEC92": {
      "Value": {
        "Fn::GetAtt": [
          "DatabaseInstanceAA8A5FDE",
          "Endpoint.Address",
        ],
      },
    },
    "DatabaseDbSecretArnCBC92421": {
      "Value": {
        "Ref": "DatabaseInstanceSecretAttachmentFCA06D38",
      },
    },
    "MonitoringDashboardUrlDB84D4CA": {
      "Description": "CloudWatch ダッシュボード URL",
      "Value": "https://ap-northeast-1.console.aws.amazon.com/cloudwatch/home?region=ap-northeast-1#dashboards:name=cdk-3tier-app-dashboard",
    },
    "NetworkVpcIdF213FEE5": {
      "Value": {
        "Ref": "NetworkVpc7FB7348F",
      },
    },
    "WebServerInstanceId231C5280": {
      "Value": {
        "Ref": "WebServerInstance244889AB",
      },
    },
  },
  "Parameters": {
    "BootstrapVersion": {
      "Default": "/cdk-bootstrap/hnb659fds/version",
      "Description": "Version of the CDK Bootstrap resources in this environment, automatically retrieved from SSM Parameter Store. [cdk:skip]",
      "Type": "AWS::SSM::Parameter::Value<String>",
    },
    "SsmParameterValueawsserviceamiamazonlinuxlatestal2023amikernel61x8664C96584B6F00A464EAD1953AFF4B05118Parameter": {
      "Default": "/aws/service/ami-amazon-linux-latest/al2023-ami-kernel-6.1-x86_64",
      "Type": "AWS::SSM::Parameter::Value<AWS::EC2::Image::Id>",
    },
  },
  "Resources": {
    "Alb6F14D334": {
      "DependsOn": [
        "NetworkVpcPublicSubnet1DefaultRoute31EC04EC",
        "NetworkVpcPublicSubnet1RouteTableAssociation643926C7",
        "NetworkVpcPublicSubnet2DefaultRoute0CF082AB",
        "NetworkVpcPublicSubnet2RouteTableAssociationC662643B",
      ],
      "Properties": {
        "LoadBalancerAttributes": [
          {
            "Key": "deletion_protection.enabled",
            "Value": "false",
          },
        ],
        "Name": "cdk-3tier-alb",
        "Scheme": "internet-facing",
        "SecurityGroups": [
          {
            "Fn::GetAtt": [
              "AlbSgC5DA72C2",
              "GroupId",
            ],
          },
        ],
        "Subnets": [
          {
            "Ref": "NetworkVpcPublicSubnet1Subnet36933139",
          },
          {
            "Ref": "NetworkVpcPublicSubnet2SubnetC427CCE0",
          },
        ],
        "Tags": [
          {
            "Key": "ManagedBy",
            "Value": "CDK",
          },
          {
            "Key": "Project",
            "Value": "cdk-3tier-app",
          },
        ],
        "Type": "application",
      },
      "Type": "AWS::ElasticLoadBalancingV2::LoadBalancer",
    },
    "AlbHttpListenerC9825CF4": {
      "Properties": {
        "DefaultActions": [
          {
            "TargetGroupArn": {
              "Ref": "AlbTargetGroup3E290A92",
            },
            "Type": "forward",
          },
        ],
        "LoadBalancerArn": {
          "Ref": "Alb6F14D334",
        },
        "Port": 80,
        "Protocol": "HTTP",
      },
      "Type": "AWS::ElasticLoadBalancingV2::Listener",
    },
    "AlbSgC5DA72C2": {
      "Properties": {
        "GroupDescription": "Security group for ALB",
        "GroupName": "cdk-3tier-alb-sg",
        "SecurityGroupEgress": [
          {
            "CidrIp": "0.0.0.0/0",
            "Description": "Allow all outbound traffic by default",
            "IpProtocol": "-1",
          },
        ],
        "SecurityGroupIngress": [
          {
            "CidrIp": "0.0.0.0/0",
            "Description": "Allow HTTP from internet",
            "FromPort": 80,
            "IpProtocol": "tcp",
            "ToPort": 80,
          },
        ],
        "Tags": [
          {
            "Key": "ManagedBy",
            "Value": "CDK",
          },
          {
            "Key": "Project",
            "Value": "cdk-3tier-app",
          },
        ],
        "VpcId": {
          "Ref": "NetworkVpc7FB7348F",
        },
      },
      "Type": "AWS::EC2::SecurityGroup",
    },
    "AlbTargetGroup3E290A92": {
      "Properties": {
        "HealthCheckPath": "/",
        "Matcher": {
          "HttpCode": "200",
        },
        "Name": "cdk-3tier-tg",
        "Port": 80,
        "Protocol": "HTTP",
        "Tags": [
          {
            "Key": "ManagedBy",
            "Value": "CDK",
          },
          {
            "Key": "Project",
            "Value": "cdk-3tier-app",
          },
        ],
        "TargetGroupAttributes": [
          {
            "Key": "stickiness.enabled",
            "Value": "false",
          },
        ],
        "TargetType": "instance",
        "Targets": [
          {
            "Id": {
              "Ref": "WebServerInstance244889AB",
            },
          },
        ],
        "VpcId": {
          "Ref": "NetworkVpc7FB7348F",
        },
      },
      "Type": "AWS::ElasticLoadBalancingV2::TargetGroup",
    },
    "DatabaseInstanceAA8A5FDE": {
      "DeletionPolicy": "Delete",
      "Properties": {
        "AllocatedStorage": "20",
        "BackupRetentionPeriod": 7,
        "CopyTagsToSnapshot": true,
        "DBInstanceClass": "db.t3.micro",
        "DBInstanceIdentifier": "cdk-3tier-db",
        "DBSubnetGroupName": {
          "Ref": "DatabaseSubnetGroup7D60F180",
        },
        "DeletionProtection": false,
        "Engine": "mysql",
        "EngineVersion": "8.0",
        "MasterUserPassword": {
          "Fn::Join": [
            "",
            [
              "{{resolve:secretsmanager:",
              {
                "Ref": "TestStackDatabaseInstanceSecretB6EB24DA3fdaad7efa858a3daf9490cf0a702aeb",
              },
              ":SecretString:password::}}",
            ],
          ],
        },
        "MasterUsername": "admin",
        "MultiAZ": false,
        "StorageEncrypted": true,
        "StorageType": "gp2",
        "Tags": [
          {
            "Key": "ManagedBy",
            "Value": "CDK",
          },
          {
            "Key": "Project",
            "Value": "cdk-3tier-app",
          },
        ],
        "VPCSecurityGroups": [
          {
            "Fn::GetAtt": [
              "DatabaseSg463D33AF",
              "GroupId",
            ],
          },
        ],
      },
      "Type": "AWS::RDS::DBInstance",
      "UpdateReplacePolicy": "Delete",
    },
    "DatabaseInstanceSecretAttachmentFCA06D38": {
      "Properties": {
        "SecretId": {
          "Ref": "TestStackDatabaseInstanceSecretB6EB24DA3fdaad7efa858a3daf9490cf0a702aeb",
        },
        "TargetId": {
          "Ref": "DatabaseInstanceAA8A5FDE",
        },
        "TargetType": "AWS::RDS::DBInstance",
      },
      "Type": "AWS::SecretsManager::SecretTargetAttachment",
    },
    "DatabaseSg463D33AF": {
      "Properties": {
        "GroupDescription": "Security group for RDS MySQL",
        "GroupName": "cdk-3tier-rds-sg",
        "SecurityGroupEgress": [
          {
            "CidrIp": "0.0.0.0/0",
            "Description": "Allow all outbound traffic by default",
            "IpProtocol": "-1",
          },
        ],
        "Tags": [
          {
            "Key": "ManagedBy",
            "Value": "CDK",
          },
          {
            "Key": "Project",
            "Value": "cdk-3tier-app",
          },
        ],
        "VpcId": {
          "Ref": "NetworkVpc7FB7348F",
        },
      },
      "Type": "AWS::EC2::SecurityGroup",
    },
    "DatabaseSgfromTestStackWebServerSgFD01072433064313657C": {
      "Properties": {
        "Description": "Allow MySQL from EC2",
        "FromPort": 3306,
        "GroupId": {
          "Fn::GetAtt": [
            "DatabaseSg463D33AF",
            "GroupId",
          ],
        },
        "IpProtocol": "tcp",
        "SourceSecurityGroupId": {
          "Fn::GetAtt": [
            "WebServerSgB0DB518A",
            "GroupId",
          ],
        },
        "ToPort": 3306,
      },
      "Type": "AWS::EC2::SecurityGroupIngress",
    },
    "DatabaseSubnetGroup7D60F180": {
      "Properties": {
        "DBSubnetGroupDescription": "Subnet group for cdk-3tier RDS",
        "SubnetIds": [
          {
            "Ref": "NetworkVpcDBSubnet1SubnetF2442EF9",
          },
          {
            "Ref": "NetworkVpcDBSubnet2Subnet4DF1BA3D",
          },
        ],
        "Tags": [
          {
            "Key": "ManagedBy",
            "Value": "CDK",
          },
          {
            "Key": "Project",
            "Value": "cdk-3tier-app",
          },
        ],
      },
      "Type": "AWS::RDS::DBSubnetGroup",
    },
    "MonitoringAlb5xxAlarm72F415D8": {
      "Properties": {
        "AlarmDescription": "ALB の 5xx エラー率が 5% を超えました",
        "AlarmName": "cdk-3tier-alb-5xx-rate",
        "ComparisonOperator": "GreaterThanOrEqualToThreshold",
        "EvaluationPeriods": 2,
        "Metrics": [
          {
            "Expression": "(m1 / m2) * 100",
            "Id": "expr_1",
            "Label": "ALB 5xx エラー率 (%)",
            "ReturnData": true,
          },
          {
            "Id": "m1",
            "MetricStat": {
              "Metric": {
                "Dimensions": [
                  {
                    "Name": "LoadBalancer",
                    "Value": {
                      "Fn::GetAtt": [
                        "Alb6F14D334",
                        "LoadBalancerFullName",
                      ],
                    },
                  },
                ],
                "MetricName": "HTTPCode_ELB_5XX_Count",
                "Namespace": "AWS/ApplicationELB",
              },
              "Period": 300,
              "Stat": "Sum",
            },
            "ReturnData": false,
          },
          {
            "Id": "m2",
            "MetricStat": {
              "Metric": {
                "Dimensions": [
                  {
                    "Name": "LoadBalancer",
                    "Value": {
                      "Fn::GetAtt": [
                        "Alb6F14D334",
                        "LoadBalancerFullName",
                      ],
                    },
                  },
                ],
                "MetricName": "RequestCount",
                "Namespace": "AWS/ApplicationELB",
              },
              "Period": 300,
              "Stat": "Sum",
            },
            "ReturnData": false,
          },
        ],
        "Tags": [
          {
            "Key": "ManagedBy",
            "Value": "CDK",
          },
          {
            "Key": "Project",
            "Value": "cdk-3tier-app",
          },
        ],
        "Threshold": 5,
        "TreatMissingData": "notBreaching",
      },
      "Type": "AWS::CloudWatch::Alarm",
    },
    "MonitoringDashboard0C3675C6": {
      "Properties": {
        "DashboardBody": {
          "Fn::Join": [
            "",
            [
              "{"widgets":[{"type":"metric","width":12,"height":6,"x":0,"y":0,"properties":{"view":"timeSeries","title":"ALB - リクエスト数 / 5xx エラー","region":"",
              {
                "Ref": "AWS::Region",
              },
              "","metrics":[["AWS/ApplicationELB","RequestCount","LoadBalancer","",
              {
                "Fn::GetAtt": [
                  "Alb6F14D334",
                  "LoadBalancerFullName",
                ],
              },
              "",{"stat":"Sum"}],["AWS/ApplicationELB","HTTPCode_ELB_5XX_Count","LoadBalancer","",
              {
                "Fn::GetAtt": [
                  "Alb6F14D334",
                  "LoadBalancerFullName",
                ],
              },
              "",{"stat":"Sum","yAxis":"right"}]],"yAxis":{}}},{"type":"metric","width":12,"height":6,"x":12,"y":0,"properties":{"view":"timeSeries","title":"ALB - ターゲット応答時間","region":"",
              {
                "Ref": "AWS::Region",
              },
              "","metrics":[["AWS/ApplicationELB","TargetResponseTime","LoadBalancer","",
              {
                "Fn::GetAtt": [
                  "Alb6F14D334",
                  "LoadBalancerFullName",
                ],
              },
              ""]],"yAxis":{}}},{"type":"metric","width":12,"height":6,"x":0,"y":6,"properties":{"view":"timeSeries","title":"EC2 - CPU 使用率","region":"",
              {
                "Ref": "AWS::Region",
              },
              "","metrics":[["AWS/EC2","CPUUtilization","InstanceId","",
              {
                "Ref": "WebServerInstance244889AB",
              },
              "",{"label":"EC2 CPU 使用率 (%)"}]],"annotations":{"horizontal":[{"value":80,"label":"閾値 80%","color":"#ff6961","yAxis":"left"}]},"yAxis":{}}},{"type":"metric","width":12,"height":6,"x":12,"y":6,"properties":{"view":"timeSeries","title":"RDS - CPU 使用率 / 空きストレージ","region":"",
              {
                "Ref": "AWS::Region",
              },
              "","metrics":[["AWS/RDS","CPUUtilization","DBInstanceIdentifier","",
              {
                "Ref": "DatabaseInstanceAA8A5FDE",
              },
              ""],["AWS/RDS","FreeStorageSpace","DBInstanceIdentifier","",
              {
                "Ref": "DatabaseInstanceAA8A5FDE",
              },
              "",{"stat":"Minimum","yAxis":"right"}]],"annotations":{"horizontal":[{"value":80,"label":"閾値 80%","color":"#ff6961","yAxis":"left"}]},"yAxis":{}}},{"type":"alarm","width":24,"height":3,"x":0,"y":12,"properties":{"title":"アラーム一覧","alarms":["",
              {
                "Fn::GetAtt": [
                  "MonitoringAlb5xxAlarm72F415D8",
                  "Arn",
                ],
              },
              "","",
              {
                "Fn::GetAtt": [
                  "MonitoringUnhealthyHostAlarmC36B7BA8",
                  "Arn",
                ],
              },
              "","",
              {
                "Fn::GetAtt": [
                  "MonitoringEc2CpuAlarm04568888",
                  "Arn",
                ],
              },
              "","",
              {
                "Fn::GetAtt": [
                  "MonitoringRdsCpuAlarmF2258C0D",
                  "Arn",
                ],
              },
              "","",
              {
                "Fn::GetAtt": [
                  "MonitoringRdsFreeStorageAlarm82493194",
                  "Arn",
                ],
              },
              ""]}}]}",
            ],
          ],
        },
        "DashboardName": "cdk-3tier-app-dashboard",
      },
      "Type": "AWS::CloudWatch::Dashboard",
    },
    "MonitoringEc2CpuAlarm04568888": {
      "Properties": {
        "AlarmDescription": "EC2 の CPU 使用率が 80% を超えました",
        "AlarmName": "cdk-3tier-ec2-cpu-high",
        "ComparisonOperator": "GreaterThanOrEqualToThreshold",
        "EvaluationPeriods": 3,
        "Metrics": [
          {
            "Id": "m1",
            "Label": "EC2 CPU 使用率 (%)",
            "MetricStat": {
              "Metric": {
                "Dimensions": [
                  {
                    "Name": "InstanceId",
                    "Value": {
                      "Ref": "WebServerInstance244889AB",
                    },
                  },
                ],
                "MetricName": "CPUUtilization",
                "Namespace": "AWS/EC2",
              },
              "Period": 300,
              "Stat": "Average",
            },
            "ReturnData": true,
          },
        ],
        "Tags": [
          {
            "Key": "ManagedBy",
            "Value": "CDK",
          },
          {
            "Key": "Project",
            "Value": "cdk-3tier-app",
          },
        ],
        "Threshold": 80,
        "TreatMissingData": "missing",
      },
      "Type": "AWS::CloudWatch::Alarm",
    },
    "MonitoringRdsCpuAlarmF2258C0D": {
      "Properties": {
        "AlarmDescription": "RDS の CPU 使用率が 80% を超えました",
        "AlarmName": "cdk-3tier-rds-cpu-high",
        "ComparisonOperator": "GreaterThanOrEqualToThreshold",
        "Dimensions": [
          {
            "Name": "DBInstanceIdentifier",
            "Value": {
              "Ref": "DatabaseInstanceAA8A5FDE",
            },
          },
        ],
        "EvaluationPeriods": 3,
        "MetricName": "CPUUtilization",
        "Namespace": "AWS/RDS",
        "Period": 300,
        "Statistic": "Average",
        "Tags": [
          {
            "Key": "ManagedBy",
            "Value": "CDK",
          },
          {
            "Key": "Project",
            "Value": "cdk-3tier-app",
          },
        ],
        "Threshold": 80,
        "TreatMissingData": "missing",
      },
      "Type": "AWS::CloudWatch::Alarm",
    },
    "MonitoringRdsFreeStorageAlarm82493194": {
      "Properties": {
        "AlarmDescription": "RDS の空きストレージが 2GB を下回りました",
        "AlarmName": "cdk-3tier-rds-free-storage-low",
        "ComparisonOperator": "LessThanOrEqualToThreshold",
        "Dimensions": [
          {
            "Name": "DBInstanceIdentifier",
            "Value": {
              "Ref": "DatabaseInstanceAA8A5FDE",
            },
          },
        ],
        "EvaluationPeriods": 1,
        "MetricName": "FreeStorageSpace",
        "Namespace": "AWS/RDS",
        "Period": 300,
        "Statistic": "Minimum",
        "Tags": [
          {
            "Key": "ManagedBy",
            "Value": "CDK",
          },
          {
            "Key": "Project",
            "Value": "cdk-3tier-app",
          },
        ],
        "Threshold": 2147483648,
        "TreatMissingData": "missing",
      },
      "Type": "AWS::CloudWatch::Alarm",
    },
    "MonitoringUnhealthyHostAlarmC36B7BA8": {
      "Properties": {
        "AlarmDescription": "ALB ターゲットグループの非正常ホスト数が 1 以上になりました",
        "AlarmName": "cdk-3tier-alb-unhealthy-hosts",
        "ComparisonOperator": "GreaterThanOrEqualToThreshold",
        "Dimensions": [
          {
            "Name": "LoadBalancer",
            "Value": {
              "Fn::Join": [
                "",
                [
                  {
                    "Fn::Select": [
                      1,
                      {
                        "Fn::Split": [
                          "/",
                          {
                            "Ref": "AlbHttpListenerC9825CF4",
                          },
                        ],
                      },
                    ],
                  },
                  "/",
                  {
                    "Fn::Select": [
                      2,
                      {
                        "Fn::Split": [
                          "/",
                          {
                            "Ref": "AlbHttpListenerC9825CF4",
                          },
                        ],
                      },
                    ],
                  },
                  "/",
                  {
                    "Fn::Select": [
                      3,
                      {
                        "Fn::Split": [
                          "/",
                          {
                            "Ref": "AlbHttpListenerC9825CF4",
                          },
                        ],
                      },
                    ],
                  },
                ],
              ],
            },
          },
          {
            "Name": "TargetGroup",
            "Value": {
              "Fn::GetAtt": [
                "AlbTargetGroup3E290A92",
                "TargetGroupFullName",
              ],
            },
          },
        ],
        "EvaluationPeriods": 3,
        "MetricName": "UnHealthyHostCount",
        "Namespace": "AWS/ApplicationELB",
        "Period": 60,
        "Statistic": "Maximum",
        "Tags": [
          {
            "Key": "ManagedBy",
            "Value": "CDK",
          },
          {
            "Key": "Project",
            "Value": "cdk-3tier-app",
          },
        ],
        "Threshold": 1,
        "TreatMissingData": "notBreaching",
      },
      "Type": "AWS::CloudWatch::Alarm",
    },
    "NetworkVpc7FB7348F": {
      "Properties": {
        "CidrBlock": "10.0.0.0/16",
        "EnableDnsHostnames": true,
        "EnableDnsSupport": true,
        "InstanceTenancy": "default",
        "Tags": [
          {
            "Key": "ManagedBy",
            "Value": "CDK",
          },
          {
            "Key": "Name",
            "Value": "cdk-3tier-vpc",
          },
          {
            "Key": "Project",
            "Value": "cdk-3tier-app",
          },
        ],
      },
      "Type": "AWS::EC2::VPC",
    },
    "NetworkVpcDBSubnet1RouteTable19014F49": {
      "Properties": {
        "Tags": [
          {
            "Key": "ManagedBy",
            "Value": "CDK",
          },
          {
            "Key": "Name",
            "Value": "TestStack/Network/Vpc/DBSubnet1",
          },
          {
            "Key": "Project",
            "Value": "cdk-3tier-app",
          },
        ],
        "VpcId": {
          "Ref": "NetworkVpc7FB7348F",
        },
      },
      "Type": "AWS::EC2::RouteTable",
    },
    "NetworkVpcDBSubnet1RouteTableAssociation4561D003": {
      "Properties": {
        "RouteTableId": {
          "Ref": "NetworkVpcDBSubnet1RouteTable19014F49",
        },
        "SubnetId": {
          "Ref": "NetworkVpcDBSubnet1SubnetF2442EF9",
        },
      },
      "Type": "AWS::EC2::SubnetRouteTableAssociation",
    },
    "NetworkVpcDBSubnet1SubnetF2442EF9": {
      "Properties": {
        "AvailabilityZone": "dummy1a",
        "CidrBlock": "10.0.4.0/24",
        "MapPublicIpOnLaunch": false,
        "Tags": [
          {
            "Key": "aws-cdk:subnet-name",
            "Value": "DB",
          },
          {
            "Key": "aws-cdk:subnet-type",
            "Value": "Isolated",
          },
          {
            "Key": "ManagedBy",
            "Value": "CDK",
          },
          {
            "Key": "Name",
            "Value": "TestStack/Network/Vpc/DBSubnet1",
          },
          {
            "Key": "Project",
            "Value": "cdk-3tier-app",
          },
        ],
        "VpcId": {
          "Ref": "NetworkVpc7FB7348F",
        },
      },
      "Type": "AWS::EC2::Subnet",
    },
    "NetworkVpcDBSubnet2RouteTableAssociation79E056B6": {
      "Properties": {
        "RouteTableId": {
          "Ref": "NetworkVpcDBSubnet2RouteTableBFC777AC",
        },
        "SubnetId": {
          "Ref": "NetworkVpcDBSubnet2Subnet4DF1BA3D",
        },
      },
      "Type": "AWS::EC2::SubnetRouteTableAssociation",
    },
    "NetworkVpcDBSubnet2RouteTableBFC777AC": {
      "Properties": {
        "Tags": [
          {
            "Key": "ManagedBy",
            "Value": "CDK",
          },
          {
            "Key": "Name",
            "Value": "TestStack/Network/Vpc/DBSubnet2",
          },
          {
            "Key": "Project",
            "Value": "cdk-3tier-app",
          },
        ],
        "VpcId": {
          "Ref": "NetworkVpc7FB7348F",
        },
      },
      "Type": "AWS::EC2::RouteTable",
    },
    "NetworkVpcDBSubnet2Subnet4DF1BA3D": {
      "Properties": {
        "AvailabilityZone": "dummy1b",
        "CidrBlock": "10.0.5.0/24",
        "MapPublicIpOnLaunch": false,
        "Tags": [
          {
            "Key": "aws-cdk:subnet-name",
            "Value": "DB",
          },
          {
            "Key": "aws-cdk:subnet-type",
            "Value": "Isolated",
          },
          {
            "Key": "ManagedBy",
            "Value": "CDK",
          },
          {
            "Key": "Name",
            "Value": "TestStack/Network/Vpc/DBSubnet2",
          },
          {
            "Key": "Project",
            "Value": "cdk-3tier-app",
          },
        ],
        "VpcId": {
          "Ref": "NetworkVpc7FB7348F",
        },
      },
      "Type": "AWS::EC2::Subnet",
    },
    "NetworkVpcIGW6BEA7B02": {
      "Properties": {
        "Tags": [
          {
            "Key": "ManagedBy",
            "Value": "CDK",
          },
          {
            "Key": "Name",
            "Value": "cdk-3tier-vpc",
          },
          {
            "Key": "Project",
            "Value": "cdk-3tier-app",
          },
        ],
      },
      "Type": "AWS::EC2::InternetGateway",
    },
    "NetworkVpcPrivateSubnet1DefaultRoute08635105": {
      "Properties": {
        "DestinationCidrBlock": "0.0.0.0/0",
        "NatGatewayId": {
          "Ref": "NetworkVpcPublicSubnet1NATGateway64781A21",
        },
        "RouteTableId": {
          "Ref": "NetworkVpcPrivateSubnet1RouteTable7D7AA3CD",
        },
      },
      "Type": "AWS::EC2::Route",
    },
    "NetworkVpcPrivateSubnet1RouteTable7D7AA3CD": {
      "Properties": {
        "Tags": [
          {
            "Key": "ManagedBy",
            "Value": "CDK",
          },
          {
            "Key": "Name",
            "Value": "TestStack/Network/Vpc/PrivateSubnet1",
          },
          {
            "Key": "Project",
            "Value": "cdk-3tier-app",
          },
        ],
        "VpcId": {
          "Ref": "NetworkVpc7FB7348F",
        },
      },
      "Type": "AWS::EC2::RouteTable",
    },
    "NetworkVpcPrivateSubnet1RouteTableAssociation327CA62F": {
      "Properties": {
        "RouteTableId": {
          "Ref": "NetworkVpcPrivateSubnet1RouteTable7D7AA3CD",
        },
        "SubnetId": {
          "Ref": "NetworkVpcPrivateSubnet1Subnet6DD86AE6",
        },
      },
      "Type": "AWS::EC2::SubnetRouteTableAssociation",
    },
    "NetworkVpcPrivateSubnet1Subnet6DD86AE6": {
      "Properties": {
        "AvailabilityZone": "dummy1a",
        "CidrBlock": "10.0.2.0/24",
        "MapPublicIpOnLaunch": false,
        "Tags": [
          {
            "Key": "aws-cdk:subnet-name",
            "Value": "Private",
          },
          {
            "Key": "aws-cdk:subnet-type",
            "Value": "Private",
          },
          {
            "Key": "ManagedBy",
            "Value": "CDK",
          },
          {
            "Key": "Name",
            "Value": "TestStack/Network/Vpc/PrivateSubnet1",
          },
          {
            "Key": "Project",
            "Value": "cdk-3tier-app",
          },
        ],
        "VpcId": {
          "Ref": "NetworkVpc7FB7348F",
        },
      },
      "Type": "AWS::EC2::Subnet",
    },
    "NetworkVpcPrivateSubnet2DefaultRouteA15DC6D5": {
      "Properties": {
        "DestinationCidrBlock": "0.0.0.0/0",
        "NatGatewayId": {
          "Ref": "NetworkVpcPublicSubnet1NATGateway64781A21",
        },
        "RouteTableId": {
          "Ref": "NetworkVpcPrivateSubnet2RouteTableC48862D1",
        },
      },
      "Type": "AWS::EC2::Route",
    },
    "NetworkVpcPrivateSubnet2RouteTableAssociation89A2F1E8": {
      "Properties": {
        "RouteTableId": {
          "Ref": "NetworkVpcPrivateSubnet2RouteTableC48862D1",
        },
        "SubnetId": {
          "Ref": "NetworkVpcPrivateSubnet2Subnet1BDBE877",
        },
      },
      "Type": "AWS::EC2::SubnetRouteTableAssociation",
    },
    "NetworkVpcPrivateSubnet2RouteTableC48862D1": {
      "Properties": {
        "Tags": [
          {
            "Key": "ManagedBy",
            "Value": "CDK",
          },
          {
            "Key": "Name",
            "Value": "TestStack/Network/Vpc/PrivateSubnet2",
          },
          {
            "Key": "Project",
            "Value": "cdk-3tier-app",
          },
        ],
        "VpcId": {
          "Ref": "NetworkVpc7FB7348F",
        },
      },
      "Type": "AWS::EC2::RouteTable",
    },
    "NetworkVpcPrivateSubnet2Subnet1BDBE877": {
      "Properties": {
        "AvailabilityZone": "dummy1b",
        "CidrBlock": "10.0.3.0/24",
        "MapPublicIpOnLaunch": false,
        "Tags": [
          {
            "Key": "aws-cdk:subnet-name",
            "Value": "Private",
          },
          {
            "Key": "aws-cdk:subnet-type",
            "Value": "Private",
          },
          {
            "Key": "ManagedBy",
            "Value": "CDK",
          },
          {
            "Key": "Name",
            "Value": "TestStack/Network/Vpc/PrivateSubnet2",
          },
          {
            "Key": "Project",
            "Value": "cdk-3tier-app",
          },
        ],
        "VpcId": {
          "Ref": "NetworkVpc7FB7348F",
        },
      },
      "Type": "AWS::EC2::Subnet",
    },
    "NetworkVpcPublicSubnet1DefaultRoute31EC04EC": {
      "DependsOn": [
        "NetworkVpcVPCGW8F3799B5",
      ],
      "Properties": {
        "DestinationCidrBlock": "0.0.0.0/0",
        "GatewayId": {
          "Ref": "NetworkVpcIGW6BEA7B02",
        },
        "RouteTableId": {
          "Ref": "NetworkVpcPublicSubnet1RouteTable30235CE2",
        },
      },
      "Type": "AWS::EC2::Route",
    },
    "NetworkVpcPublicSubnet1EIPE0D52090": {
      "Properties": {
        "Domain": "vpc",
        "Tags": [
          {
            "Key": "ManagedBy",
            "Value": "CDK",
          },
          {
            "Key": "Name",
            "Value": "TestStack/Network/Vpc/PublicSubnet1",
          },
          {
            "Key": "Project",
            "Value": "cdk-3tier-app",
          },
        ],
      },
      "Type": "AWS::EC2::EIP",
    },
    "NetworkVpcPublicSubnet1NATGateway64781A21": {
      "DependsOn": [
        "NetworkVpcPublicSubnet1DefaultRoute31EC04EC",
        "NetworkVpcPublicSubnet1RouteTableAssociation643926C7",
      ],
      "Properties": {
        "AllocationId": {
          "Fn::GetAtt": [
            "NetworkVpcPublicSubnet1EIPE0D52090",
            "AllocationId",
          ],
        },
        "SubnetId": {
          "Ref": "NetworkVpcPublicSubnet1Subnet36933139",
        },
        "Tags": [
          {
            "Key": "ManagedBy",
            "Value": "CDK",
          },
          {
            "Key": "Name",
            "Value": "TestStack/Network/Vpc/PublicSubnet1",
          },
          {
            "Key": "Project",
            "Value": "cdk-3tier-app",
          },
        ],
      },
      "Type": "AWS::EC2::NatGateway",
    },
    "NetworkVpcPublicSubnet1RouteTable30235CE2": {
      "Properties": {
        "Tags": [
          {
            "Key": "ManagedBy",
            "Value": "CDK",
          },
          {
            "Key": "Name",
            "Value": "TestStack/Network/Vpc/PublicSubnet1",
          },
          {
            "Key": "Project",
            "Value": "cdk-3tier-app",
          },
        ],
        "VpcId": {
          "Ref": "NetworkVpc7FB7348F",
        },
      },
      "Type": "AWS::EC2::RouteTable",
    },
    "NetworkVpcPublicSubnet1RouteTableAssociation643926C7": {
      "Properties": {
        "RouteTableId": {
          "Ref": "NetworkVpcPublicSubnet1RouteTable30235CE2",
        },
        "SubnetId": {
          "Ref": "NetworkVpcPublicSubnet1Subnet36933139",
        },
      },
      "Type": "AWS::EC2::SubnetRouteTableAssociation",
    },
    "NetworkVpcPublicSubnet1Subnet36933139": {
      "Properties": {
        "AvailabilityZone": "dummy1a",
        "CidrBlock": "10.0.0.0/24",
        "MapPublicIpOnLaunch": true,
        "Tags": [
          {
            "Key": "aws-cdk:subnet-name",
            "Value": "Public",
          },
          {
            "Key": "aws-cdk:subnet-type",
            "Value": "Public",
          },
          {
            "Key": "ManagedBy",
            "Value": "CDK",
          },
          {
            "Key": "Name",
            "Value": "TestStack/Network/Vpc/PublicSubnet1",
          },
          {
            "Key": "Project",
            "Value": "cdk-3tier-app",
          },
        ],
        "VpcId": {
          "Ref": "NetworkVpc7FB7348F",
        },
      },
      "Type": "AWS::EC2::Subnet",
    },
    "NetworkVpcPublicSubnet2DefaultRoute0CF082AB": {
      "DependsOn": [
        "NetworkVpcVPCGW8F3799B5",
      ],
      "Properties": {
        "DestinationCidrBlock": "0.0.0.0/0",
        "GatewayId": {
          "Ref": "NetworkVpcIGW6BEA7B02",
        },
        "RouteTableId": {
          "Ref": "NetworkVpcPublicSubnet2RouteTable0FACEBB2",
        },
      },
      "Type": "AWS::EC2::Route",
    },
    "NetworkVpcPublicSubnet2RouteTable0FACEBB2": {
      "Properties": {
        "Tags": [
          {
            "Key": "ManagedBy",
            "Value": "CDK",
          },
          {
            "Key": "Name",
            "Value": "TestStack/Network/Vpc/PublicSubnet2",
          },
          {
            "Key": "Project",
            "Value": "cdk-3tier-app",
          },
        ],
        "VpcId": {
          "Ref": "NetworkVpc7FB7348F",
        },
      },
      "Type": "AWS::EC2::RouteTable",
    },
    "NetworkVpcPublicSubnet2RouteTableAssociationC662643B": {
      "Properties": {
        "RouteTableId": {
          "Ref": "NetworkVpcPublicSubnet2RouteTable0FACEBB2",
        },
        "SubnetId": {
          "Ref": "NetworkVpcPublicSubnet2SubnetC427CCE0",
        },
      },
      "Type": "AWS::EC2::SubnetRouteTableAssociation",
    },
    "NetworkVpcPublicSubnet2SubnetC427CCE0": {
      "Properties": {
        "AvailabilityZone": "dummy1b",
        "CidrBlock": "10.0.1.0/24",
        "MapPublicIpOnLaunch": true,
        "Tags": [
          {
            "Key": "aws-cdk:subnet-name",
            "Value": "Public",
          },
          {
            "Key": "aws-cdk:subnet-type",
            "Value": "Public",
          },
          {
            "Key": "ManagedBy",
            "Value": "CDK",
          },
          {
            "Key": "Name",
            "Value": "TestStack/Network/Vpc/PublicSubnet2",
          },
          {
            "Key": "Project",
            "Value": "cdk-3tier-app",
          },
        ],
        "VpcId": {
          "Ref": "NetworkVpc7FB7348F",
        },
      },
      "Type": "AWS::EC2::Subnet",
    },
    "NetworkVpcVPCGW8F3799B5": {
      "Properties": {
        "InternetGatewayId": {
          "Ref": "NetworkVpcIGW6BEA7B02",
        },
        "VpcId": {
          "Ref": "NetworkVpc7FB7348F",
        },
      },
      "Type": "AWS::EC2::VPCGatewayAttachment",
    },
    "TestStackDatabaseInstanceSecretB6EB24DA3fdaad7efa858a3daf9490cf0a702aeb": {
      "DeletionPolicy": "Delete",
      "Properties": {
        "Description": {
          "Fn::Join": [
            "",
            [
              "Generated by the CDK for stack: ",
              {
                "Ref": "AWS::StackName",
              },
            ],
          ],
        },
        "GenerateSecretString": {
          "ExcludeCharacters": " %+~\`#$&*()|[]{}:;<>?!'/@"\\",
          "GenerateStringKey": "password",
          "PasswordLength": 30,
          "SecretStringTemplate": "{"username":"admin"}",
        },
        "Name": "cdk-3tier-db-secret",
        "Tags": [
          {
            "Key": "ManagedBy",
            "Value": "CDK",
          },
          {
            "Key": "Project",
            "Value": "cdk-3tier-app",
          },
        ],
      },
      "Type": "AWS::SecretsManager::Secret",
      "UpdateReplacePolicy": "Delete",
    },
    "WebServerInstance244889AB": {
      "DependsOn": [
        "WebServerRoleFA0E13F4",
      ],
      "Properties": {
        "AvailabilityZone": "dummy1a",
        "IamInstanceProfile": {
          "Ref": "WebServerInstanceInstanceProfile32EAD166",
        },
        "ImageId": {
          "Ref": "SsmParameterValueawsserviceamiamazonlinuxlatestal2023amikernel61x8664C96584B6F00A464EAD1953AFF4B05118Parameter",
        },
        "InstanceType": "t3.micro",
        "SecurityGroupIds": [
          {
            "Fn::GetAtt": [
              "WebServerSgB0DB518A",
              "GroupId",
            ],
          },
        ],
        "SubnetId": {
          "Ref": "NetworkVpcPrivateSubnet1Subnet6DD86AE6",
        },
        "Tags": [
          {
            "Key": "ManagedBy",
            "Value": "CDK",
          },
          {
            "Key": "Name",
            "Value": "cdk-3tier-web",
          },
          {
            "Key": "Project",
            "Value": "cdk-3tier-app",
          },
        ],
        "UserData": {
          "Fn::Base64": "#!/bin/bash
dnf update -y
dnf install -y httpd
systemctl enable httpd
systemctl start httpd
echo "<h1>Hello from CDK 3-Tier App</h1>" > /var/www/html/index.html",
        },
      },
      "Type": "AWS::EC2::Instance",
    },
    "WebServerInstanceInstanceProfile32EAD166": {
      "Properties": {
        "Roles": [
          {
            "Ref": "WebServerRoleFA0E13F4",
          },
        ],
      },
      "Type": "AWS::IAM::InstanceProfile",
    },
    "WebServerRoleFA0E13F4": {
      "Properties": {
        "AssumeRolePolicyDocument": {
          "Statement": [
            {
              "Action": "sts:AssumeRole",
              "Effect": "Allow",
              "Principal": {
                "Service": "ec2.amazonaws.com",
              },
            },
          ],
          "Version": "2012-10-17",
        },
        "ManagedPolicyArns": [
          {
            "Fn::Join": [
              "",
              [
                "arn:",
                {
                  "Ref": "AWS::Partition",
                },
                ":iam::aws:policy/AmazonSSMManagedInstanceCore",
              ],
            ],
          },
        ],
        "RoleName": "cdk-3tier-ec2-role",
        "Tags": [
          {
            "Key": "ManagedBy",
            "Value": "CDK",
          },
          {
            "Key": "Project",
            "Value": "cdk-3tier-app",
          },
        ],
      },
      "Type": "AWS::IAM::Role",
    },
    "WebServerSgB0DB518A": {
      "Properties": {
        "GroupDescription": "Security group for EC2 web servers",
        "GroupName": "cdk-3tier-ec2-sg",
        "SecurityGroupEgress": [
          {
            "CidrIp": "0.0.0.0/0",
            "Description": "Allow all outbound traffic by default",
            "IpProtocol": "-1",
          },
        ],
        "Tags": [
          {
            "Key": "ManagedBy",
            "Value": "CDK",
          },
          {
            "Key": "Project",
            "Value": "cdk-3tier-app",
          },
        ],
        "VpcId": {
          "Ref": "NetworkVpc7FB7348F",
        },
      },
      "Type": "AWS::EC2::SecurityGroup",
    },
    "WebServerSgfromTestStackAlbSg538C765480C1A3C510": {
      "Properties": {
        "Description": "Allow HTTP from ALB",
        "FromPort": 80,
        "GroupId": {
          "Fn::GetAtt": [
            "WebServerSgB0DB518A",
            "GroupId",
          ],
        },
        "IpProtocol": "tcp",
        "SourceSecurityGroupId": {
          "Fn::GetAtt": [
            "AlbSgC5DA72C2",
            "GroupId",
          ],
        },
        "ToPort": 80,
      },
      "Type": "AWS::EC2::SecurityGroupIngress",
    },
  },
  "Rules": {
    "CheckBootstrapVersion": {
      "Assertions": [
        {
          "Assert": {
            "Fn::Not": [
              {
                "Fn::Contains": [
                  [
                    "1",
                    "2",
                    "3",
                    "4",
                    "5",
                  ],
                  {
                    "Ref": "BootstrapVersion",
                  },
                ],
              },
            ],
          },
          "AssertDescription": "CDK bootstrap stack version 6 required. Please run 'cdk bootstrap' with a recent version of the CDK CLI.",
        },
      ],
    },
  },
}
`;
